
uarttest.elf:     file format elf32-littleriscv


Disassembly of section .init:

00000000 <InterruptVector>:
   0:	0f20006f          	j	f2 <handle_reset>
   4:	00000000          	.word	0x00000000
   8:	0000016a          	.word	0x0000016a
   c:	00000168          	.word	0x00000168
	...
  30:	00000168          	.word	0x00000168
  34:	00000000          	.word	0x00000000
  38:	00000168          	.word	0x00000168
  3c:	00000000          	.word	0x00000000
  40:	00000168          	.word	0x00000168
  44:	00000168          	.word	0x00000168
  48:	00000168          	.word	0x00000168
  4c:	00000168          	.word	0x00000168
  50:	00000168          	.word	0x00000168
  54:	00000168          	.word	0x00000168
  58:	00000168          	.word	0x00000168
  5c:	00000168          	.word	0x00000168
  60:	00000168          	.word	0x00000168
  64:	00000168          	.word	0x00000168
  68:	00000168          	.word	0x00000168
  6c:	00000168          	.word	0x00000168
  70:	00000168          	.word	0x00000168
  74:	00000168          	.word	0x00000168
  78:	00000168          	.word	0x00000168
  7c:	00000168          	.word	0x00000168
  80:	00000368          	.word	0x00000368
  84:	00000168          	.word	0x00000168
  88:	00000168          	.word	0x00000168
  8c:	00000168          	.word	0x00000168
  90:	00000168          	.word	0x00000168
  94:	00000168          	.word	0x00000168
  98:	00000168          	.word	0x00000168
  9c:	0000                	.insn	2, 0x
	...

Disassembly of section .text:

000000a0 <uart_println.isra.0>:
	{
		// TODO: Set ret to not finished
		while(*string != '\0')
		{
			// Wait for the current transmission to finish
			while(!(USART1->STATR & USART_FLAG_TC));
  a0:	400147b7          	lui	a5,0x40014
  a4:	80078793          	addi	a5,a5,-2048 # 40013800 <__global_pointer$+0x20013000>
		while(*string != '\0')
  a8:	00054683          	lbu	a3,0(a0)
  ac:	ea95                	bnez	a3,e0 <uart_println.isra.0+0x40>
	uart_err_t ret_err = uart_print(string);
	
	if(ret_err == UART_OK)
	{
		// Print the terminating characters
		while(!(USART1->STATR & USART_FLAG_TC));
  ae:	400147b7          	lui	a5,0x40014
  b2:	80078793          	addi	a5,a5,-2048 # 40013800 <__global_pointer$+0x20013000>
  b6:	0007d703          	lhu	a4,0(a5)
  ba:	04077713          	andi	a4,a4,64
  be:	df65                	beqz	a4,b6 <uart_println.isra.0+0x16>
		USART1->DATAR = '\r';
  c0:	4735                	li	a4,13
  c2:	00e79223          	sh	a4,4(a5)
		while(!(USART1->STATR & USART_FLAG_TC));
  c6:	400147b7          	lui	a5,0x40014
  ca:	80078793          	addi	a5,a5,-2048 # 40013800 <__global_pointer$+0x20013000>
  ce:	0007d703          	lhu	a4,0(a5)
  d2:	04077713          	andi	a4,a4,64
  d6:	df65                	beqz	a4,ce <uart_println.isra.0+0x2e>
		USART1->DATAR = '\n';
  d8:	4729                	li	a4,10
  da:	00e79223          	sh	a4,4(a5)
	}

	return ret_err;
}
  de:	8082                	ret
			while(!(USART1->STATR & USART_FLAG_TC));
  e0:	0007d703          	lhu	a4,0(a5)
  e4:	04077713          	andi	a4,a4,64
  e8:	df65                	beqz	a4,e0 <uart_println.isra.0+0x40>
			USART1->DATAR = *string++;
  ea:	0505                	addi	a0,a0,1
  ec:	00d79223          	sh	a3,4(a5)
  f0:	bf65                	j	a8 <uart_println.isra.0+0x8>

000000f2 <handle_reset>:
  f2:	20000197          	auipc	gp,0x20000
  f6:	70e18193          	addi	gp,gp,1806 # 20000800 <__global_pointer$>
  fa:	00018113          	mv	sp,gp
  fe:	08000513          	li	a0,128
 102:	30051073          	csrw	mstatus,a0
 106:	468d                	li	a3,3
 108:	00000517          	auipc	a0,0x0
 10c:	ef850513          	addi	a0,a0,-264 # 0 <InterruptVector>
 110:	8d55                	or	a0,a0,a3
 112:	30551073          	csrw	mtvec,a0
 116:	20000517          	auipc	a0,0x20000
 11a:	eea50513          	addi	a0,a0,-278 # 20000000 <_uart_rx_buffer>
 11e:	91418593          	addi	a1,gp,-1772 # 20000114 <_ebss>
 122:	4601                	li	a2,0
 124:	00b55663          	bge	a0,a1,130 <handle_reset+0x3e>
 128:	c110                	sw	a2,0(a0)
 12a:	0511                	addi	a0,a0,4
 12c:	feb54ee3          	blt	a0,a1,128 <handle_reset+0x36>
 130:	43c00513          	li	a0,1084
 134:	20000597          	auipc	a1,0x20000
 138:	ecc58593          	addi	a1,a1,-308 # 20000000 <_uart_rx_buffer>
 13c:	20000617          	auipc	a2,0x20000
 140:	ec460613          	addi	a2,a2,-316 # 20000000 <_uart_rx_buffer>
 144:	00c58863          	beq	a1,a2,154 <handle_reset+0x62>
 148:	4114                	lw	a3,0(a0)
 14a:	c194                	sw	a3,0(a1)
 14c:	0511                	addi	a0,a0,4
 14e:	0591                	addi	a1,a1,4
 150:	fec59ae3          	bne	a1,a2,144 <handle_reset+0x52>
 154:	e000f7b7          	lui	a5,0xe000f
 158:	4705                	li	a4,1
 15a:	c398                	sw	a4,0(a5)
 15c:	1ec00793          	li	a5,492
 160:	34179073          	csrw	mepc,a5
 164:	30200073          	mret

00000168 <ADC1_IRQHandler>:
 168:	a001                	j	168 <ADC1_IRQHandler>

0000016a <NMI_Handler>:
 16a:	40021737          	lui	a4,0x40021
 16e:	471c                	lw	a5,8(a4)
 170:	008006b7          	lui	a3,0x800
 174:	8fd5                	or	a5,a5,a3
 176:	c71c                	sw	a5,8(a4)

00000178 <memset>:
 178:	962a                	add	a2,a2,a0
 17a:	87aa                	mv	a5,a0
 17c:	00c79363          	bne	a5,a2,182 <memset+0xa>
 180:	8082                	ret
 182:	00b78023          	sb	a1,0(a5) # e000f000 <__global_pointer$+0xc000e800>
 186:	0785                	addi	a5,a5,1
 188:	bfd5                	j	17c <memset+0x4>

0000018a <SystemInit>:
 18a:	400227b7          	lui	a5,0x40022
 18e:	4705                	li	a4,1
 190:	c398                	sw	a4,0(a5)
 192:	400217b7          	lui	a5,0x40021
 196:	01080737          	lui	a4,0x1080
 19a:	0007a223          	sw	zero,4(a5) # 40021004 <__global_pointer$+0x20020804>
 19e:	08170713          	addi	a4,a4,129 # 1080081 <lib_uart.c.2732690c+0x107de36>
 1a2:	c398                	sw	a4,0(a5)
 1a4:	009f0737          	lui	a4,0x9f0
 1a8:	c798                	sw	a4,8(a5)
 1aa:	40021737          	lui	a4,0x40021
 1ae:	431c                	lw	a5,0(a4)
 1b0:	00679693          	slli	a3,a5,0x6
 1b4:	fe06dde3          	bgez	a3,1ae <SystemInit+0x24>
 1b8:	435c                	lw	a5,4(a4)
 1ba:	400216b7          	lui	a3,0x40021
 1be:	9bf1                	andi	a5,a5,-4
 1c0:	0027e793          	ori	a5,a5,2
 1c4:	c35c                	sw	a5,4(a4)
 1c6:	4721                	li	a4,8
 1c8:	42dc                	lw	a5,4(a3)
 1ca:	8bb1                	andi	a5,a5,12
 1cc:	fee79ee3          	bne	a5,a4,1c8 <SystemInit+0x3e>
 1d0:	e00007b7          	lui	a5,0xe0000
 1d4:	0f878793          	addi	a5,a5,248 # e00000f8 <__global_pointer$+0xbffff8f8>
 1d8:	0007a023          	sw	zero,0(a5)
 1dc:	e00007b7          	lui	a5,0xe0000
 1e0:	0f478793          	addi	a5,a5,244 # e00000f4 <__global_pointer$+0xbffff8f4>
 1e4:	08000713          	li	a4,128
 1e8:	c398                	sw	a4,0(a5)
 1ea:	8082                	ret

000001ec <main>:
// The UART RX Ring Buffer (Must be > 0. Must be a Power of 2)
uint8_t buff[UART_BUFFER_SIZE] = {0};
uint8_t uart_rx_buffer[UART_BUFFER_SIZE] = {0x00};

int main()
{
 1ec:	1151                	addi	sp,sp,-12
 1ee:	c222                	sw	s0,4(sp)
 1f0:	c026                	sw	s1,0(sp)
	_uart_rx_buffer.buffer = rx_buffer_ptr;
 1f2:	200004b7          	lui	s1,0x20000
 1f6:	c406                	sw	ra,8(sp)
	SystemInit();
 1f8:	3f49                	jal	18a <SystemInit>
 1fa:	00048793          	mv	a5,s1
 1fe:	89418713          	addi	a4,gp,-1900 # 20000094 <uart_rx_buffer>
 202:	c398                	sw	a4,0(a5)
	_uart_rx_buffer.size   = rx_buffer_size;
 204:	08000713          	li	a4,128
	_uart_rx_buffer.head   = 0;
 208:	0007a623          	sw	zero,12(a5)
	_uart_rx_buffer.size   = rx_buffer_size;
 20c:	c3d8                	sw	a4,4(a5)
	_uart_rx_buffer.mask   = rx_buffer_size - 1;
 20e:	07f00713          	li	a4,127
	_uart_rx_buffer.tail   = 0;
 212:	0007a823          	sw	zero,16(a5)
	_uart_rx_buffer.mask   = rx_buffer_size - 1;
 216:	c798                	sw	a4,8(a5)
	RCC->APB2PCENR |= RCC_APB2Periph_USART1;
 218:	400217b7          	lui	a5,0x40021
 21c:	4f98                	lw	a4,24(a5)
 21e:	6691                	lui	a3,0x4
 220:	00048493          	mv	s1,s1
 224:	8f55                	or	a4,a4,a3
 226:	cf98                	sw	a4,24(a5)
	RCC->APB2PCENR |= UART_PORT_RCC | RCC_APB2Periph_AFIO;
 228:	4f98                	lw	a4,24(a5)
	UART_PORT->CFGLR &= ~(0x0F << (4 * UART_PIN_TX));
 22a:	ff1006b7          	lui	a3,0xff100
 22e:	16fd                	addi	a3,a3,-1 # ff0fffff <__global_pointer$+0xdf0ff7ff>
	RCC->APB2PCENR |= UART_PORT_RCC | RCC_APB2Periph_AFIO;
 230:	02176713          	ori	a4,a4,33
 234:	cf98                	sw	a4,24(a5)
	UART_PORT->CFGLR &= ~(0x0F << (4 * UART_PIN_TX));
 236:	400117b7          	lui	a5,0x40011
 23a:	40078793          	addi	a5,a5,1024 # 40011400 <__global_pointer$+0x20010c00>
 23e:	4398                	lw	a4,0(a5)
 240:	89418413          	addi	s0,gp,-1900 # 20000094 <uart_rx_buffer>
 244:	8f75                	and	a4,a4,a3
 246:	c398                	sw	a4,0(a5)
	UART_PORT->CFGLR |= (GPIO_Speed_10MHz | GPIO_CNF_OUT_PP_AF) << (4 * UART_PIN_TX);	
 248:	4398                	lw	a4,0(a5)
 24a:	009006b7          	lui	a3,0x900
 24e:	8f55                	or	a4,a4,a3
 250:	c398                	sw	a4,0(a5)
	UART_PORT->CFGLR &= ~(0x0F << (4 * UART_PIN_RX));
 252:	4398                	lw	a4,0(a5)
 254:	f10006b7          	lui	a3,0xf1000
 258:	16fd                	addi	a3,a3,-1 # f0ffffff <__global_pointer$+0xd0fff7ff>
 25a:	8f75                	and	a4,a4,a3
 25c:	c398                	sw	a4,0(a5)
	UART_PORT->CFGLR |= GPIO_CNF_IN_FLOATING << (4 * UART_PIN_RX);
 25e:	4398                	lw	a4,0(a5)
 260:	040006b7          	lui	a3,0x4000
 264:	8f55                	or	a4,a4,a3
 266:	c398                	sw	a4,0(a5)
	USART1->CTLR1 = USART_Mode_Tx | USART_Mode_Rx | conf->wordlength | conf->parity;
 268:	400147b7          	lui	a5,0x40014
 26c:	80078793          	addi	a5,a5,-2048 # 40013800 <__global_pointer$+0x20013000>
 270:	4731                	li	a4,12
 272:	00e79623          	sh	a4,12(a5)
	USART1->CTLR2 = conf->stopbits;
 276:	00079823          	sh	zero,16(a5)
	USART1->CTLR3 = (uint16_t)0x0000;
 27a:	00079a23          	sh	zero,20(a5)
	USART1->BRR = conf->baudrate;
 27e:	1a100713          	li	a4,417
 282:	00e79423          	sh	a4,8(a5)
	USART1->CTLR1 |= USART_CTLR1_RXNEIE;
 286:	00c7d703          	lhu	a4,12(a5)
 *
 * @return  none
 */
RV_STATIC_INLINE void NVIC_EnableIRQ(IRQn_Type IRQn)
{
  NVIC->IENR[((uint32_t)(IRQn) >> 5)] = (1 << ((uint32_t)(IRQn) & 0x1F));
 28a:	4685                	li	a3,1
 28c:	02076713          	ori	a4,a4,32
 290:	00e79623          	sh	a4,12(a5)
 294:	e000e737          	lui	a4,0xe000e
 298:	10d72223          	sw	a3,260(a4) # e000e104 <__global_pointer$+0xc000d904>
	USART1->CTLR1 |= CTLR1_UE_Set;
 29c:	00c7d703          	lhu	a4,12(a5)
 2a0:	6689                	lui	a3,0x2
 2a2:	8f55                	or	a4,a4,a3
 2a4:	00e79623          	sh	a4,12(a5)
 2a8:	3cc00713          	li	a4,972
		while(*string != '\0')
 2ac:	00074603          	lbu	a2,0(a4)
 2b0:	e24d                	bnez	a2,352 <main+0x166>
		&uart_conf
	);

	// Simple string printing example
	uart_print("This string will be one line 1");
	uart_println(" -- This string will be on the same line");
 2b2:	3ec00513          	li	a0,1004
 2b6:	33ed                	jal	a0 <uart_println.isra.0>
	uart_println("This string will be on its own line");
 2b8:	41800513          	li	a0,1048
 2bc:	33d5                	jal	a0 <uart_println.isra.0>

	while(1)
	{
		// Clear the read buffer
		memset(buff, 0x00, UART_BUFFER_SIZE);
 2be:	200006b7          	lui	a3,0x20000
 2c2:	08000613          	li	a2,128
 2c6:	01468513          	addi	a0,a3,20 # 20000014 <buff>
 2ca:	4581                	li	a1,0
 2cc:	3575                	jal	178 <memset>
		{
			// If the buffer has no more data, return how many bytes were read
			if(_uart_rx_buffer.head == _uart_rx_buffer.tail) break; 
	
			// Add the current tail byte to the buffer
			*buffer++ = _uart_rx_buffer.buffer[_uart_rx_buffer.tail];
 2ce:	200006b7          	lui	a3,0x20000
	size_t bytes_read = 0;
 2d2:	4781                	li	a5,0
			*buffer++ = _uart_rx_buffer.buffer[_uart_rx_buffer.tail];
 2d4:	01468513          	addi	a0,a3,20 # 20000014 <buff>
		while(len--)
 2d8:	08000613          	li	a2,128
			if(_uart_rx_buffer.head == _uart_rx_buffer.tail) break; 
 2dc:	44cc                	lw	a1,12(s1)
 2de:	4898                	lw	a4,16(s1)
 2e0:	08e58263          	beq	a1,a4,364 <main+0x178>
			*buffer++ = _uart_rx_buffer.buffer[_uart_rx_buffer.tail];
 2e4:	4898                	lw	a4,16(s1)
 2e6:	00a785b3          	add	a1,a5,a0
			// Increment the ring buffer tail position
			_uart_rx_buffer.tail = (_uart_rx_buffer.tail + 1) & _uart_rx_buffer.mask;

			// Increment the count of bytes
			bytes_read++;
 2ea:	0785                	addi	a5,a5,1
			*buffer++ = _uart_rx_buffer.buffer[_uart_rx_buffer.tail];
 2ec:	9722                	add	a4,a4,s0
 2ee:	00074703          	lbu	a4,0(a4)
 2f2:	00e58023          	sb	a4,0(a1)
			_uart_rx_buffer.tail = (_uart_rx_buffer.tail + 1) & _uart_rx_buffer.mask;
 2f6:	4898                	lw	a4,16(s1)
 2f8:	0705                	addi	a4,a4,1
 2fa:	07f77713          	andi	a4,a4,127
 2fe:	c898                	sw	a4,16(s1)
		while(len--)
 300:	fcc79ee3          	bne	a5,a2,2dc <main+0xf0>
		if(bytes_read != 0)
		{
			// Replace any \r with \r\n.
			// NOTE: This WILL corrupt data. It is only to allow the user to 
			// type normally and have newlines
			for(uint8_t chr = 0; chr < UART_BUFFER_SIZE-1; chr++)
 304:	01468793          	addi	a5,a3,20
 308:	07f78713          	addi	a4,a5,127
 30c:	01468513          	addi	a0,a3,20
			{
				if(buff[chr] == '\r') buff[chr + 1] = '\n';
 310:	4635                	li	a2,13
 312:	45a9                	li	a1,10
 314:	0007c303          	lbu	t1,0(a5)
 318:	00c31463          	bne	t1,a2,320 <main+0x134>
 31c:	00b780a3          	sb	a1,1(a5)
			for(uint8_t chr = 0; chr < UART_BUFFER_SIZE-1; chr++)
 320:	0785                	addi	a5,a5,1
 322:	fef719e3          	bne	a4,a5,314 <main+0x128>
			while(!(USART1->STATR & USART_FLAG_TC));
 326:	40014737          	lui	a4,0x40014
 32a:	4781                	li	a5,0
 32c:	80070713          	addi	a4,a4,-2048 # 40013800 <__global_pointer$+0x20013000>
		while(size--)
 330:	08000593          	li	a1,128
			while(!(USART1->STATR & USART_FLAG_TC));
 334:	00075603          	lhu	a2,0(a4)
 338:	04067613          	andi	a2,a2,64
 33c:	de65                	beqz	a2,334 <main+0x148>
			USART1->DATAR = *bytes++;
 33e:	00f50633          	add	a2,a0,a5
 342:	00064603          	lbu	a2,0(a2)
		while(size--)
 346:	0785                	addi	a5,a5,1
			USART1->DATAR = *bytes++;
 348:	00c71223          	sh	a2,4(a4)
		while(size--)
 34c:	feb794e3          	bne	a5,a1,334 <main+0x148>
 350:	bf8d                	j	2c2 <main+0xd6>
			while(!(USART1->STATR & USART_FLAG_TC));
 352:	0007d683          	lhu	a3,0(a5)
 356:	0406f693          	andi	a3,a3,64
 35a:	dee5                	beqz	a3,352 <main+0x166>
			USART1->DATAR = *string++;
 35c:	0705                	addi	a4,a4,1
 35e:	00c79223          	sh	a2,4(a5)
 362:	b7a9                	j	2ac <main+0xc0>
		if(bytes_read != 0)
 364:	dfb9                	beqz	a5,2c2 <main+0xd6>
 366:	bf79                	j	304 <main+0x118>

00000368 <USART1_IRQHandler>:
{
 368:	1131                	addi	sp,sp,-20
 36a:	c03e                	sw	a5,0(sp)
	if(USART1->STATR & USART_STATR_RXNE) 
 36c:	400147b7          	lui	a5,0x40014
{
 370:	c23a                	sw	a4,4(sp)
	if(USART1->STATR & USART_STATR_RXNE) 
 372:	8007d703          	lhu	a4,-2048(a5) # 40013800 <__global_pointer$+0x20013000>
{
 376:	c82e                	sw	a1,16(sp)
 378:	c632                	sw	a2,12(sp)
 37a:	c436                	sw	a3,8(sp)
	if(USART1->STATR & USART_STATR_RXNE) 
 37c:	02077713          	andi	a4,a4,32
 380:	cf15                	beqz	a4,3bc <USART1_IRQHandler+0x54>
 382:	80078793          	addi	a5,a5,-2048
		uint8_t recv = (uint8_t)USART1->DATAR;
 386:	0047d603          	lhu	a2,4(a5)
		size_t next_head = (_uart_rx_buffer.head + 1) & _uart_rx_buffer.mask;
 38a:	200007b7          	lui	a5,0x20000
 38e:	00078693          	mv	a3,a5
 392:	46d8                	lw	a4,12(a3)
 394:	468c                	lw	a1,8(a3)
		if(next_head == _uart_rx_buffer.tail) 
 396:	4a94                	lw	a3,16(a3)
		size_t next_head = (_uart_rx_buffer.head + 1) & _uart_rx_buffer.mask;
 398:	0705                	addi	a4,a4,1
 39a:	8f6d                	and	a4,a4,a1
		uint8_t recv = (uint8_t)USART1->DATAR;
 39c:	0ff67613          	zext.b	a2,a2
		if(next_head == _uart_rx_buffer.tail) 
 3a0:	00078793          	mv	a5,a5
 3a4:	00d71663          	bne	a4,a3,3b0 <USART1_IRQHandler+0x48>
				 _uart_rx_buffer.tail = (_uart_rx_buffer.tail + 1) & _uart_rx_buffer.mask;
 3a8:	4b94                	lw	a3,16(a5)
 3aa:	0685                	addi	a3,a3,1
 3ac:	8eed                	and	a3,a3,a1
 3ae:	cb94                	sw	a3,16(a5)
		_uart_rx_buffer.buffer[_uart_rx_buffer.head] = recv;
 3b0:	47cc                	lw	a1,12(a5)
 3b2:	4394                	lw	a3,0(a5)
		_uart_rx_buffer.head = next_head;
 3b4:	c7d8                	sw	a4,12(a5)
		_uart_rx_buffer.buffer[_uart_rx_buffer.head] = recv;
 3b6:	96ae                	add	a3,a3,a1
 3b8:	00c68023          	sb	a2,0(a3)
}
 3bc:	45c2                	lw	a1,16(sp)
 3be:	4632                	lw	a2,12(sp)
 3c0:	46a2                	lw	a3,8(sp)
 3c2:	4712                	lw	a4,4(sp)
 3c4:	4782                	lw	a5,0(sp)
 3c6:	0151                	addi	sp,sp,20
 3c8:	30200073          	mret
 3cc:	6854                	.insn	2, 0x6854
 3ce:	7369                	lui	t1,0xffffa
 3d0:	7320                	.insn	2, 0x7320
 3d2:	7274                	.insn	2, 0x7274
 3d4:	6e69                	lui	t3,0x1a
 3d6:	69772067          	.insn	4, 0x69772067
 3da:	6c6c                	.insn	2, 0x6c6c
 3dc:	6220                	.insn	2, 0x6220
 3de:	2065                	jal	486 <_data_lma+0x4a>
 3e0:	20656e6f          	jal	t3,565e6 <lib_uart.c.2732690c+0x5439b>
 3e4:	696c                	.insn	2, 0x696c
 3e6:	656e                	.insn	2, 0x656e
 3e8:	3120                	.insn	2, 0x3120
 3ea:	0000                	unimp
 3ec:	2d20                	.insn	2, 0x2d20
 3ee:	202d                	jal	418 <USART1_IRQHandler+0xb0>
 3f0:	6854                	.insn	2, 0x6854
 3f2:	7369                	lui	t1,0xffffa
 3f4:	7320                	.insn	2, 0x7320
 3f6:	7274                	.insn	2, 0x7274
 3f8:	6e69                	lui	t3,0x1a
 3fa:	69772067          	.insn	4, 0x69772067
 3fe:	6c6c                	.insn	2, 0x6c6c
 400:	6220                	.insn	2, 0x6220
 402:	2065                	jal	4aa <_data_lma+0x6e>
 404:	74206e6f          	jal	t3,6b46 <lib_uart.c.2732690c+0x48fb>
 408:	6568                	.insn	2, 0x6568
 40a:	7320                	.insn	2, 0x7320
 40c:	6d61                	lui	s10,0x18
 40e:	2065                	jal	4b6 <_data_lma+0x7a>
 410:	696c                	.insn	2, 0x696c
 412:	656e                	.insn	2, 0x656e
 414:	0000                	unimp
 416:	0000                	unimp
 418:	6854                	.insn	2, 0x6854
 41a:	7369                	lui	t1,0xffffa
 41c:	7320                	.insn	2, 0x7320
 41e:	7274                	.insn	2, 0x7274
 420:	6e69                	lui	t3,0x1a
 422:	69772067          	.insn	4, 0x69772067
 426:	6c6c                	.insn	2, 0x6c6c
 428:	6220                	.insn	2, 0x6220
 42a:	2065                	jal	4d2 <_data_lma+0x96>
 42c:	69206e6f          	jal	t3,6abe <lib_uart.c.2732690c+0x4873>
 430:	7374                	.insn	2, 0x7374
 432:	6f20                	.insn	2, 0x6f20
 434:	6c206e77          	.insn	4, 0x6c206e77
 438:	6e69                	lui	t3,0x1a
 43a:	0065                	c.nop	25
